MULTI-DRONE MISSION SUMMARY
Generated (UTC): 2026-04-18 22:15:28

Central Agent: Tower beacon stopped after mission_complete (HELLO/ACK queue drained)
UGV Chargers: Parked after mission_complete signal

Area centers and assignments:
Area    Center (x,y)   Color     Drones
-----   -------------  --------  -------------------
unified_workspace (  0.0,  0.0)  green     [0, 1, 2, 3, 4, 5, 6, 7, 8]

Drone docking/finish states:
Drone  Role       Area       Final (x,y)     Status      Notes
-----  ---------  ---------  --------------  ----------  ---------------------------
0      explorer   unified_workspace  (2.1, 1.5)      aborted     Mission Timeout/Ending
1      explorer   unified_workspace  (-8.6, 0.7)     aborted     Mission Timeout/Ending
2      explorer   unified_workspace  (1.5, 8.3)      aborted     Mission Timeout/Ending
3      explorer   unified_workspace  (-9.9, 4.9)     aborted     Mission Timeout/Ending
4      explorer   unified_workspace  --              n/a         
5      explorer   unified_workspace  --              n/a         
6      explorer   unified_workspace  (-9.8, -3.1)    aborted     Mission Timeout/Ending
7      explorer   unified_workspace  (-3.8, -7.1)    aborted     Mission Timeout/Ending
8      explorer   unified_workspace  (-2.2, -1.5)    aborted     Mission Timeout/Ending
9      backup     staging    (16.0, 0.0)     reserve     Idle drought reserve drone
10     backup     staging    (-15.4, 4.5)    reserve     Idle drought reserve drone
